
> my-v0-project@0.1.0 backfill:orders
> tsx scripts/backfill-orders.ts --all

Backfilling orders since 2000-01-01 (all-time)

Running Woo rate-limit pre-flight check...
  50/50 OK, 26247ms total

Fetching Shopify WA...
  [WA] page 1: +100 orders (running total upserted: 100)
  [WA] page 2: +100 orders (running total upserted: 200)
  [WA] page 3: +100 orders (running total upserted: 300)
  [WA] page 4: +100 orders (running total upserted: 400)
  [WA] page 5: +100 orders (running total upserted: 500)
  [WA] page 6: +100 orders (running total upserted: 600)
  [WA] page 7: +100 orders (running total upserted: 700)
  [WA] page 8: +100 orders (running total upserted: 800)
  [WA] page 9: +100 orders (running total upserted: 900)
  [WA] page 10: +100 orders (running total upserted: 1000)
  [WA] page 11: +100 orders (running total upserted: 1100)
  [WA] page 12: +100 orders (running total upserted: 1200)
  [WA] page 13: +100 orders (running total upserted: 1300)
  [WA] page 14: +100 orders (running total upserted: 1400)
  [WA] page 15: +100 orders (running total upserted: 1500)
  [WA] page 16: +100 orders (running total upserted: 1600)
  [WA] page 17: +100 orders (running total upserted: 1700)
  [WA] page 18: +100 orders (running total upserted: 1800)
  [WA] page 19: +100 orders (running total upserted: 1900)
  [WA] page 20: +100 orders (running total upserted: 2000)
  [WA] page 21: +100 orders (running total upserted: 2100)
  [WA] page 22: +100 orders (running total upserted: 2200)
  [WA] page 23: +100 orders (running total upserted: 2300)
  [WA] page 24: +100 orders (running total upserted: 2400)
  [WA] page 25: +100 orders (running total upserted: 2500)
  [WA] page 26: +100 orders (running total upserted: 2600)
  [WA] page 27: +100 orders (running total upserted: 2700)
  [WA] page 28: +100 orders (running total upserted: 2800)
  [WA] page 29: +100 orders (running total upserted: 2900)
  [WA] page 30: +100 orders (running total upserted: 3000)
  [WA] page 31: +100 orders (running total upserted: 3100)
  [WA] page 32: +100 orders (running total upserted: 3200)
  [WA] page 33: +100 orders (running total upserted: 3300)
  [WA] page 34: +100 orders (running total upserted: 3400)
  [WA] page 35: +100 orders (running total upserted: 3500)
  [WA] page 36: +100 orders (running total upserted: 3600)
  [WA] page 37: +100 orders (running total upserted: 3700)
  [WA] page 38: +100 orders (running total upserted: 3800)
  [WA] page 39: +100 orders (running total upserted: 3900)
  [WA] page 40: +100 orders (running total upserted: 4000)
  [WA] page 41: +100 orders (running total upserted: 4100)
  [WA] page 42: +100 orders (running total upserted: 4200)
  [WA] page 43: +39 orders (running total upserted: 4239)
Fetching Shopify UAE...
  [UAE] page 1: +100 orders (running total upserted: 100)
  [UAE] page 2: +100 orders (running total upserted: 200)
  [UAE] page 3: +100 orders (running total upserted: 300)
  [UAE] page 4: +100 orders (running total upserted: 400)
  [UAE] page 5: +100 orders (running total upserted: 500)
  [UAE] page 6: +100 orders (running total upserted: 600)
  [UAE] page 7: +100 orders (running total upserted: 700)
  [UAE] page 8: +100 orders (running total upserted: 800)
  [UAE] page 9: +100 orders (running total upserted: 900)
  [UAE] page 10: +100 orders (running total upserted: 1000)
  [UAE] page 11: +100 orders (running total upserted: 1100)
  [UAE] page 12: +100 orders (running total upserted: 1200)
  [UAE] page 13: +100 orders (running total upserted: 1300)
  [UAE] page 14: +100 orders (running total upserted: 1400)
  [UAE] page 15: +100 orders (running total upserted: 1500)
  [UAE] page 16: +100 orders (running total upserted: 1600)
  [UAE] page 17: +100 orders (running total upserted: 1700)
  [UAE] page 18: +100 orders (running total upserted: 1800)
  [UAE] page 19: +100 orders (running total upserted: 1900)
  [UAE] page 20: +100 orders (running total upserted: 2000)
  [UAE] page 21: +100 orders (running total upserted: 2100)
  [UAE] page 22: +100 orders (running total upserted: 2200)
  [UAE] page 23: +100 orders (running total upserted: 2300)
  [UAE] page 24: +58 orders (running total upserted: 2358)
Fetching Shopify KSA...
  [KSA] page 1: +100 orders (running total upserted: 100)
  [KSA] page 2: +100 orders (running total upserted: 200)
  [KSA] page 3: +100 orders (running total upserted: 300)
  [KSA] page 4: +100 orders (running total upserted: 400)
  [KSA] page 5: +100 orders (running total upserted: 500)
  [KSA] page 6: +100 orders (running total upserted: 600)
  [KSA] page 7: +100 orders (running total upserted: 700)
  [KSA] page 8: +100 orders (running total upserted: 800)
  [KSA] page 9: +100 orders (running total upserted: 900)
  [KSA] page 10: +100 orders (running total upserted: 1000)
  [KSA] page 11: +100 orders (running total upserted: 1100)
  [KSA] page 12: +100 orders (running total upserted: 1200)
  [KSA] page 13: +100 orders (running total upserted: 1300)
  [KSA] page 14: +100 orders (running total upserted: 1400)
  [KSA] page 15: +100 orders (running total upserted: 1500)
  [KSA] page 16: +100 orders (running total upserted: 1600)
  [KSA] page 17: +100 orders (running total upserted: 1700)
  [KSA] page 18: +100 orders (running total upserted: 1800)
  [KSA] page 19: +100 orders (running total upserted: 1900)
  [KSA] page 20: +100 orders (running total upserted: 2000)
  [KSA] page 21: +100 orders (running total upserted: 2100)
  [KSA] page 22: +100 orders (running total upserted: 2200)
  [KSA] page 23: +100 orders (running total upserted: 2300)
  [KSA] page 24: +100 orders (running total upserted: 2400)
  [KSA] page 25: +100 orders (running total upserted: 2500)
  [KSA] page 26: +100 orders (running total upserted: 2600)
  [KSA] page 27: +80 orders (running total upserted: 2680)
Fetching WooCommerce...
  [WOO] page 1: +100 orders (running total upserted: 100)
  [WOO] page 2: +100 orders (running total upserted: 200)
  [WOO] page 3: +100 orders (running total upserted: 300)
  [WOO] page 4: +100 orders (running total upserted: 400)
  [WOO] page 5: +100 orders (running total upserted: 500)
  [WOO] page 6: +100 orders (running total upserted: 600)
  [WOO] page 7: +100 orders (running total upserted: 700)
  [WOO] page 8: +100 orders (running total upserted: 800)
  [WOO] page 9: +100 orders (running total upserted: 900)
  [WOO] page 10: +100 orders (running total upserted: 1000)
  [WOO] page 11: +100 orders (running total upserted: 1100)
  [WOO] page 12: +100 orders (running total upserted: 1200)
  [WOO] page 13: +100 orders (running total upserted: 1300)
  [WOO] page 14: +100 orders (running total upserted: 1400)
  [WOO] page 15: +100 orders (running total upserted: 1500)
  [WOO] page 16: +100 orders (running total upserted: 1600)
  [WOO] page 17: +100 orders (running total upserted: 1700)
  [WOO] page 18: +100 orders (running total upserted: 1800)
  [WOO] page 19: +100 orders (running total upserted: 1900)
  [WOO] page 20: +100 orders (running total upserted: 2000)
  [WOO] page 21: +100 orders (running total upserted: 2100)
  [WOO] page 22: +100 orders (running total upserted: 2200)
  [WOO] page 23: +100 orders (running total upserted: 2300)
  [WOO] page 24: +100 orders (running total upserted: 2400)
  [WOO] page 25: +100 orders (running total upserted: 2500)
  [WOO] page 26: +100 orders (running total upserted: 2600)
  [WOO] page 27: +100 orders (running total upserted: 2700)
  [WOO] page 28: +100 orders (running total upserted: 2800)
  [WOO] page 29: +100 orders (running total upserted: 2900)
  [WOO] page 30: +100 orders (running total upserted: 3000)
  [WOO] page 31: +100 orders (running total upserted: 3100)
  [WOO] page 32: +100 orders (running total upserted: 3200)
  [WOO] page 33: +100 orders (running total upserted: 3300)
  [WOO] page 34: +100 orders (running total upserted: 3400)
  [WOO] page 35: +100 orders (running total upserted: 3500)
  [WOO] page 36: +100 orders (running total upserted: 3600)
  [WOO] page 37: +100 orders (running total upserted: 3700)
  [WOO] page 38: +100 orders (running total upserted: 3800)
  [WOO] page 39: +100 orders (running total upserted: 3900)
  [WOO] page 40: +100 orders (running total upserted: 4000)
  [WOO] page 41: +100 orders (running total upserted: 4100)
  [WOO] page 42: +100 orders (running total upserted: 4200)
  [WOO] page 43: +100 orders (running total upserted: 4300)
  [WOO] page 44: +100 orders (running total upserted: 4400)
  [WOO] page 45: +100 orders (running total upserted: 4500)
  [WOO] page 46: +100 orders (running total upserted: 4600)
  [WOO] page 47: +100 orders (running total upserted: 4700)
  [WOO] page 48: +100 orders (running total upserted: 4800)
  [WOO] page 49: +100 orders (running total upserted: 4900)
  [WOO] page 50: +100 orders (running total upserted: 5000)
  [WOO] page 51: +100 orders (running total upserted: 5100)
  [WOO] page 52: +100 orders (running total upserted: 5200)
  [WOO] page 53: +100 orders (running total upserted: 5300)
  [WOO] page 54: +100 orders (running total upserted: 5400)
  [WOO] page 55: +100 orders (running total upserted: 5500)
  [WOO] page 56: +100 orders (running total upserted: 5600)
  [WOO] page 57: +100 orders (running total upserted: 5700)
  [WOO] page 58: +100 orders (running total upserted: 5800)
  [WOO] page 59: +100 orders (running total upserted: 5900)
  [WOO] page 60: +100 orders (running total upserted: 6000)
  [WOO] page 61: +100 orders (running total upserted: 6100)
  [WOO] page 62: +100 orders (running total upserted: 6200)
  [WOO] page 63: +100 orders (running total upserted: 6300)
  [WOO] page 64: +100 orders (running total upserted: 6400)
  [WOO] page 65: +100 orders (running total upserted: 6500)
  [WOO] page 66: +100 orders (running total upserted: 6600)
  [WOO] page 67: +100 orders (running total upserted: 6700)
  [WOO] page 68: +100 orders (running total upserted: 6800)
  [WOO] page 69: +100 orders (running total upserted: 6900)
  [WOO] page 70: +100 orders (running total upserted: 7000)
  [WOO] page 71: +100 orders (running total upserted: 7100)
  [WOO] page 72: +100 orders (running total upserted: 7200)
  [WOO] page 73: +100 orders (running total upserted: 7300)
  [WOO] page 74: +100 orders (running total upserted: 7400)
  [WOO] page 75: +100 orders (running total upserted: 7500)
  [WOO] page 76: +100 orders (running total upserted: 7600)
  [WOO] page 77: +100 orders (running total upserted: 7700)
  [WOO] page 78: +100 orders (running total upserted: 7800)
  [WOO] page 79: +100 orders (running total upserted: 7900)
  [WOO] page 80: +100 orders (running total upserted: 8000)
  [WOO] page 81: +100 orders (running total upserted: 8100)
  [WOO] page 82: +100 orders (running total upserted: 8200)
  [WOO] page 83: +100 orders (running total upserted: 8300)
  [WOO] page 84: +100 orders (running total upserted: 8400)
  [WOO] page 85: +100 orders (running total upserted: 8500)
  [WOO] page 86: +100 orders (running total upserted: 8600)
  [WOO] page 87: +100 orders (running total upserted: 8700)
  [WOO] page 88: +100 orders (running total upserted: 8800)
  [WOO] page 89: +100 orders (running total upserted: 8900)
  [WOO] page 90: +100 orders (running total upserted: 9000)
  [WOO] page 91: +100 orders (running total upserted: 9100)
  [WOO] page 92: +100 orders (running total upserted: 9200)
  [WOO] page 93: +100 orders (running total upserted: 9300)
  [WOO] page 94: +100 orders (running total upserted: 9400)
  [WOO] page 95: +100 orders (running total upserted: 9500)
  [WOO] page 96: +100 orders (running total upserted: 9600)
  [WOO] page 97: +100 orders (running total upserted: 9700)
  [WOO] page 98: +100 orders (running total upserted: 9800)
  [WOO] page 99: +100 orders (running total upserted: 9900)
  [WOO] page 100: +100 orders (running total upserted: 10000)
  [WOO] page 101: +100 orders (running total upserted: 10100)
  [WOO] page 102: +100 orders (running total upserted: 10200)
  [WOO] page 103: +100 orders (running total upserted: 10300)
  [WOO] page 104: +100 orders (running total upserted: 10400)
  [WOO] page 105: +100 orders (running total upserted: 10500)
  [WOO] page 106: +100 orders (running total upserted: 10600)
  [WOO] page 107: +100 orders (running total upserted: 10700)
  [WOO] page 108: +100 orders (running total upserted: 10800)
  [WOO] page 109: +100 orders (running total upserted: 10900)
  [WOO] page 110: +100 orders (running total upserted: 11000)
  [WOO] page 111: +100 orders (running total upserted: 11100)
  [WOO] page 112: +100 orders (running total upserted: 11200)
  [WOO] page 113: +100 orders (running total upserted: 11300)
  [WOO] page 114: +100 orders (running total upserted: 11400)
  [WOO] page 115: +100 orders (running total upserted: 11500)
  [WOO] page 116: +100 orders (running total upserted: 11600)
  [WOO] page 117: +100 orders (running total upserted: 11700)
  [WOO] page 118: +100 orders (running total upserted: 11800)
  [WOO] page 119: +100 orders (running total upserted: 11900)
  [WOO] page 120: +100 orders (running total upserted: 12000)
  [WOO] page 121: +100 orders (running total upserted: 12100)
  [WOO] page 122: +100 orders (running total upserted: 12200)
  [WOO] page 123: +100 orders (running total upserted: 12300)
  [WOO] page 124: +100 orders (running total upserted: 12400)
  [WOO] page 125: +100 orders (running total upserted: 12500)
  [WOO] page 126: +100 orders (running total upserted: 12600)
  [WOO] page 127: +100 orders (running total upserted: 12700)
  [WOO] page 128: +100 orders (running total upserted: 12800)
  [WOO] page 129: +100 orders (running total upserted: 12900)
  [WOO] page 130: +100 orders (running total upserted: 13000)
  [WOO] page 131: +100 orders (running total upserted: 13100)
  [WOO] page 132: +100 orders (running total upserted: 13200)
  [WOO] page 133: +100 orders (running total upserted: 13300)
  [WOO] page 134: +100 orders (running total upserted: 13400)
  [WOO] page 135: +100 orders (running total upserted: 13500)
  [WOO] page 136: +100 orders (running total upserted: 13600)
  [WOO] page 137: +100 orders (running total upserted: 13700)
  [WOO] page 138: +100 orders (running total upserted: 13800)
  [WOO] page 139: +100 orders (running total upserted: 13900)
  [WOO] page 140: +100 orders (running total upserted: 14000)
  [WOO] page 141: +100 orders (running total upserted: 14100)
  [WOO] page 142: +100 orders (running total upserted: 14200)
  [WOO] page 143: +100 orders (running total upserted: 14300)
  [WOO] page 144: +100 orders (running total upserted: 14400)
  [WOO] page 145: +100 orders (running total upserted: 14500)
  [WOO] page 146: +100 orders (running total upserted: 14600)
  [WOO] page 147: +100 orders (running total upserted: 14700)
  [WOO] page 148: +51 orders (running total upserted: 14751)

=== Backfill summary ===
WA     pages=43 fetched=4239 upserted=4239 ok
UAE    pages=24 fetched=2358 upserted=2358 ok
KSA    pages=27 fetched=2680 upserted=2680 ok
WOO    pages=148 fetched=14751 upserted=14751 ok

Rebuilding customers table from the full order book...
  18324 customers (0 orders with no email/phone identity)
